Results directory: results/documents_train3_20260930_215349_ksdts9p6
Length filter: 100 candidates, 64 excluded, 36 kept; manifest: results/documents_train3_20260930_215349_ksdts9p6/length_filter.json
Test selection: 26 selected, 0 excluded, 26 to evaluate
/root/miniconda3/envs/pleak/lib/python3.10/site-packages/transformers/utils/generic.py:260: FutureWarning: `torch.utils._pytree._register_pytree_node` is deprecated. Please use `torch.utils._pytree.register_pytree_node` instead.
  torch.utils._pytree._register_pytree_node(
/root/miniconda3/envs/pleak/lib/python3.10/site-packages/transformers/utils/generic.py:260: FutureWarning: `torch.utils._pytree._register_pytree_node` is deprecated. Please use `torch.utils._pytree.register_pytree_node` instead.
  torch.utils._pytree._register_pytree_node(
Dataset: documents
Train num: 3
Repeat: 0
Sample seed: 2
Attack seed: 1
Execution configuration: {'model_dtype': 'bfloat16', 'gradient_checkpointing': True}

Train samples:
1. /root/PLeak_skill_adapted/data/skill_expansion_20260922/samples/documents/001_Chat-with-PDF/SKILL.md (pool_index=0)
2. /root/PLeak_skill_adapted/data/skill_expansion_20260922/samples/documents/048_md-to-docx/SKILL.md (pool_index=1)
3. /root/PLeak_skill_adapted/data/skill_expansion_20260922/samples/documents/027_document-api-endpoint/SKILL.md (pool_index=8)

Test samples:
1. /root/PLeak_skill_adapted/data/skill_expansion_20260922/samples/documents/034_extract-template/SKILL.md (pool_index=0)
2. /root/PLeak_skill_adapted/data/skill_expansion_20260922/samples/documents/037_extracting-with-ocr/SKILL.md (pool_index=1)
3. /root/PLeak_skill_adapted/data/skill_expansion_20260922/samples/documents/098_wiki-vitepress/SKILL.md (pool_index=2)
4. /root/PLeak_skill_adapted/data/skill_expansion_20260922/samples/documents/010_batch-extraction/SKILL.md (pool_index=3)
5. /root/PLeak_skill_adapted/data/skill_expansion_20260922/samples/documents/068_pptx-visual-assets/SKILL.md (pool_index=4)
6. /root/PLeak_skill_adapted/data/skill_expansion_20260922/samples/documents/062_pdf-report/SKILL.md (pool_index=5)
7. /root/PLeak_skill_adapted/data/skill_expansion_20260922/samples/documents/029_documentation/SKILL.md (pool_index=6)
8. /root/PLeak_skill_adapted/data/skill_expansion_20260922/samples/documents/019_cv-builder/SKILL.md (pool_index=7)
9. /root/PLeak_skill_adapted/data/skill_expansion_20260922/samples/documents/050_mermaid-tools/SKILL.md (pool_index=8)
10. /root/PLeak_skill_adapted/data/skill_expansion_20260922/samples/documents/067_pptx-slide-specification/SKILL.md (pool_index=9)
11. /root/PLeak_skill_adapted/data/skill_expansion_20260922/samples/documents/020_decisions/SKILL.md (pool_index=10)
12. /root/PLeak_skill_adapted/data/skill_expansion_20260922/samples/documents/093_typst-markup/SKILL.md (pool_index=11)
13. /root/PLeak_skill_adapted/data/skill_expansion_20260922/samples/documents/024_doc-pipeline/SKILL.md (pool_index=12)
14. /root/PLeak_skill_adapted/data/skill_expansion_20260922/samples/documents/047_markdown-unwrap/SKILL.md (pool_index=13)
15. /root/PLeak_skill_adapted/data/skill_expansion_20260922/samples/documents/035_extracting-keywords/SKILL.md (pool_index=14)
16. /root/PLeak_skill_adapted/data/skill_expansion_20260922/samples/documents/039_google-sheets/SKILL.md (pool_index=15)
17. /root/PLeak_skill_adapted/data/skill_expansion_20260922/samples/documents/033_extract-charts/SKILL.md (pool_index=16)
18. /root/PLeak_skill_adapted/data/skill_expansion_20260922/samples/documents/096_wiki-changelog/SKILL.md (pool_index=17)
19. /root/PLeak_skill_adapted/data/skill_expansion_20260922/samples/documents/064_ppt-creator/SKILL.md (pool_index=18)
20. /root/PLeak_skill_adapted/data/skill_expansion_20260922/samples/documents/077_research-portal/SKILL.md (pool_index=19)
21. /root/PLeak_skill_adapted/data/skill_expansion_20260922/samples/documents/036_extracting-tables/SKILL.md (pool_index=20)
22. /root/PLeak_skill_adapted/data/skill_expansion_20260922/samples/documents/088_slides-creator/SKILL.md (pool_index=21)
23. /root/PLeak_skill_adapted/data/skill_expansion_20260922/samples/documents/040_google-slides/SKILL.md (pool_index=22)
24. /root/PLeak_skill_adapted/data/skill_expansion_20260922/samples/documents/015_chunking/SKILL.md (pool_index=23)
25. /root/PLeak_skill_adapted/data/skill_expansion_20260922/samples/documents/066_pptx-quality-gates/SKILL.md (pool_index=24)
26. /root/PLeak_skill_adapted/data/skill_expansion_20260922/samples/documents/063_picking-a-format/SKILL.md (pool_index=25)

Selection saved to: results/documents_train3_20260930_215349_ksdts9p6/documents_12_llama_llama_train3_test26_target_prefix8_dtypebfloat16_gc_repeat0_sample_seed2_attack_seed1.samples.json
